
 RUN  v2.1.9 /mnt/c/Users/khana/Desktop/Bishesh/studies/inernshiyuhayundprawjets/RageBaiter/extension

